[
  "PosixPath('code_with_hello_world.py')",
  "PosixPath('data.json')",
  "PosixPath('test_with_Hello_World.txt')"
]
